// Vitest Snapshot v1, https://vitest.dev/guide/snapshot.html

exports[`AboutView > El HTML se mantiene en las pruebas 1`] = `
"<div class="about">
  <h1>This is an about page</h1>
</div>"
`;
